---
source: tui/src/bottom_pane/list_selection_view.rs
expression: render_lines(&view)
---
                                                
  Select Approval Mode                          
                                                
› 1. Read Only (current)  Hexa Engine can read files  
  2. Full Access          Hexa Engine can edit files  
                                                
  Press enter to confirm or esc to go back
